Starting job on  Tue Feb 13 13:43:32 CET 2024
Running on  Linux lxplus912.cern.ch 5.14.0-362.18.1.el9_3.x86_64 #1 SMP PREEMPT_DYNAMIC Wed Jan 3 15:54:45 EST 2024 x86_64 x86_64 x86_64 GNU/Linux
System release  CentOS Linux release 7.9.2009 (Core)
name: cards/production/13TeV/ttbb-SMEFTsim-topU3l/ttbb-SMEFTsim-topU3l
carddir: 
queue: local
scram_arch: slc7_amd64_gcc700
cmssw_version: CMSSW_10_6_19
# On branch mg265UL
# Changes not staged for commit:
#   (use "git add <file>..." to update what will be committed)
#   (use "git checkout -- <file>..." to discard changes in working directory)
#
#	modified:   gridpack_generation.sh
#
# Untracked files:
#   (use "git add <file>..." to include in what will be committed)
#
#	cards/production/13TeV/ttbb-SMEFTsim-topU3l.log
#	cards/production/13TeV/ttbb-SMEFTsim-topU3l/
#	gridpack_generation.sh~
#	ttbb-SMEFTsim-topU3l.log
#
# It took 4.56 seconds to enumerate untracked files. 'status -uno'
# may speed it up, but you have to be careful not to forget to add
# new files yourself (see 'git help status').
no changes added to commit (use "git add" and/or "git commit -a")
Current git revision is:
41dd2018c8f9324e691835f8ce31b865518c96e9
diff --git a/bin/MadGraph5_aMCatNLO/gridpack_generation.sh b/bin/MadGraph5_aMCatNLO/gridpack_generation.sh
index fd9b9d6..75cb4a9 100755
--- a/bin/MadGraph5_aMCatNLO/gridpack_generation.sh
+++ b/bin/MadGraph5_aMCatNLO/gridpack_generation.sh
@@ -261,7 +261,7 @@ make_gridpack () {
           #get needed BSM model
           if [[ $model = *[!\ ]* ]]; then
             echo "Loading extra model $model"
-            wget --no-check-certificate https://cms-project-generators.web.cern.ch/cms-project-generators/$model	
+            wget --no-check-certificate https://dvalsecc.web.cern.ch/dvalsecc/EFTstudies/models/$model	
             cd models
             if [[ $model == *".zip"* ]]; then
               unzip ../$model
/afs/cern.ch/work/d/dvalsecc/private/test_EFT_gridpack/genproductions/bin/MadGraph5_aMCatNLO
WARNING: In non-interactive mode release checks e.g. deprecated releases, production architectures are disabled.
--2024-02-13 13:44:06--  https://cms-project-generators.web.cern.ch/cms-project-generators/MG5_aMC_v2.6.5.tar.gz
wget: /afs/cern.ch/user/d/dvalsecc/.netrc:1: unknown token "user"
wget: /afs/cern.ch/user/d/dvalsecc/.netrc:1: unknown token "cms_ecal_r"
Resolving cms-project-generators.web.cern.ch (cms-project-generators.web.cern.ch)... 2001:1458:d00:4e::100:3c0, 188.184.74.207
Connecting to cms-project-generators.web.cern.ch (cms-project-generators.web.cern.ch)|2001:1458:d00:4e::100:3c0|:443... connected.
HTTP request sent, awaiting response... 200 OK
Length: 34635867 (33M) [application/gzip]
Saving to: 'MG5_aMC_v2.6.5.tar.gz'

     0K .......... .......... .......... .......... ..........  0% 52.0M 1s
    50K .......... .......... .......... .......... ..........  0% 71.1M 1s
   100K .......... .......... .......... .......... ..........  0% 68.8M 1s
   150K .......... .......... .......... .......... ..........  0% 70.0M 1s
   200K .......... .......... .......... .......... ..........  0% 56.6M 1s
   250K .......... .......... .......... .......... ..........  0% 70.8M 1s
   300K .......... .......... .......... .......... ..........  1% 63.9M 1s
   350K .......... .......... .......... .......... ..........  1% 66.9M 1s
   400K .......... .......... .......... .......... ..........  1% 51.3M 1s
   450K .......... .......... .......... .......... ..........  1% 67.3M 1s
   500K .......... .......... .......... .......... ..........  1% 68.5M 1s
   550K .......... .......... .......... .......... ..........  1% 65.0M 1s
   600K .......... .......... .......... .......... ..........  1% 68.1M 1s
   650K .......... .......... .......... .......... ..........  2% 53.3M 1s
   700K .......... .......... .......... .......... ..........  2% 64.8M 1s
   750K .......... .......... .......... .......... ..........  2% 66.1M 1s
   800K .......... .......... .......... .......... ..........  2% 65.8M 1s
   850K .......... .......... .......... .......... ..........  2% 54.0M 1s
   900K .......... .......... .......... .......... ..........  2% 66.1M 1s
   950K .......... .......... .......... .......... ..........  2% 70.3M 1s
  1000K .......... .......... .......... .......... ..........  3% 62.4M 1s
  1050K .......... .......... .......... .......... ..........  3% 60.0M 1s
  1100K .......... .......... .......... .......... ..........  3% 55.9M 1s
  1150K .......... .......... .......... .......... ..........  3% 67.3M 1s
  1200K .......... .......... .......... .......... ..........  3% 66.2M 1s
  1250K .......... .......... .......... .......... ..........  3% 67.5M 1s
  1300K .......... .......... .......... .......... ..........  3% 52.9M 1s
  1350K .......... .......... .......... .......... ..........  4% 67.7M 1s
  1400K .......... .......... .......... .......... ..........  4% 64.6M 1s
  1450K .......... .......... .......... .......... ..........  4% 68.3M 0s
  1500K .......... .......... .......... .......... ..........  4% 65.1M 0s
  1550K .......... .......... .......... .......... ..........  4% 52.7M 1s
  1600K .......... .......... .......... .......... ..........  4% 69.0M 0s
  1650K .......... .......... .......... .......... ..........  5% 57.3M 0s
  1700K .......... .......... .......... .......... ..........  5% 66.5M 0s
  1750K .......... .......... .......... .......... ..........  5% 50.7M 1s
  1800K .......... .......... .......... .......... ..........  5% 65.9M 0s
  1850K .......... .......... .......... .......... ..........  5% 64.6M 0s
  1900K .......... .......... .......... .......... ..........  5% 69.6M 0s
  1950K .......... .......... .......... .......... ..........  5% 53.5M 0s
  2000K .......... .......... .......... .......... ..........  6% 70.5M 0s
  2050K .......... .......... .......... .......... ..........  6% 69.5M 0s
  2100K .......... .......... .......... .......... ..........  6% 64.2M 0s
  2150K .......... .......... .......... .......... ..........  6% 66.9M 0s
  2200K .......... .......... .......... .......... ..........  6% 52.6M 0s
  2250K .......... .......... .......... .......... ..........  6% 64.2M 0s
  2300K .......... .......... .......... .......... ..........  6% 61.8M 0s
  2350K .......... .......... .......... .......... ..........  7% 72.6M 0s
  2400K .......... .......... .......... .......... ..........  7% 55.9M 0s
  2450K .......... .......... .......... .......... ..........  7% 66.4M 0s
  2500K .......... .......... .......... .......... ..........  7% 66.7M 0s
  2550K .......... .......... .......... .......... ..........  7% 65.0M 0s
  2600K .......... .......... .......... .......... ..........  7% 71.6M 0s
  2650K .......... .......... .......... .......... ..........  7% 56.3M 0s
  2700K .......... .......... .......... .......... ..........  8% 72.3M 0s
  2750K .......... .......... .......... .......... ..........  8% 63.3M 0s
  2800K .......... .......... .......... .......... ..........  8% 64.6M 0s
  2850K .......... .......... .......... .......... ..........  8% 52.8M 0s
  2900K .......... .......... .......... .......... ..........  8% 69.7M 0s
  2950K .......... .......... .......... .......... ..........  8% 67.1M 0s
  3000K .......... .......... .......... .......... ..........  9% 66.2M 0s
  3050K .......... .......... .......... .......... ..........  9% 68.6M 0s
  3100K .......... .......... .......... .......... ..........  9% 56.0M 0s
  3150K .......... .......... .......... .......... ..........  9% 68.7M 0s
  3200K .......... .......... .......... .......... ..........  9% 65.5M 0s
  3250K .......... .......... .......... .......... ..........  9% 70.0M 0s
  3300K .......... .......... .......... .......... ..........  9% 53.1M 0s
  3350K .......... .......... .......... .......... .......... 10% 68.9M 0s
  3400K .......... .......... .......... .......... .......... 10% 66.2M 0s
  3450K .......... .......... .......... .......... .......... 10% 68.3M 0s
  3500K .......... .......... .......... .......... .......... 10% 53.1M 0s
  3550K .......... .......... .......... .......... .......... 10% 71.6M 0s
  3600K .......... .......... .......... .......... .......... 10% 68.5M 0s
  3650K .......... .......... .......... .......... .......... 10% 58.9M 0s
  3700K .......... .......... .......... .......... .......... 11% 71.3M 0s
  3750K .......... .......... .......... .......... .......... 11% 48.9M 0s
  3800K .......... .......... .......... .......... .......... 11% 65.8M 0s
  3850K .......... .......... .......... .......... .......... 11% 69.2M 0s
  3900K .......... .......... .......... .......... .......... 11% 65.4M 0s
  3950K .......... .......... .......... .......... .......... 11% 52.8M 0s
  4000K .......... .......... .......... .......... .......... 11% 69.7M 0s
  4050K .......... .......... .......... .......... .......... 12% 62.0M 0s
  4100K .......... .......... .......... .......... .......... 12% 71.4M 0s
  4150K .......... .......... .......... .......... .......... 12% 64.1M 0s
  4200K .......... .......... .......... .......... .......... 12% 61.0M 0s
  4250K .......... .......... .......... .......... .......... 12% 53.6M 0s
  4300K .......... .......... .......... .......... .......... 12% 64.5M 0s
  4350K .......... .......... .......... .......... .......... 13% 65.4M 0s
  4400K .......... .......... .......... .......... .......... 13% 67.1M 0s
  4450K .......... .......... .......... .......... .......... 13% 55.5M 0s
  4500K .......... .......... .......... .......... .......... 13% 62.2M 0s
  4550K .......... .......... .......... .......... .......... 13% 69.5M 0s
  4600K .......... .......... .......... .......... .......... 13% 64.7M 0s
  4650K .......... .......... .......... .......... .......... 13% 65.9M 0s
  4700K .......... .......... .......... .......... .......... 14% 56.7M 0s
  4750K .......... .......... .......... .......... .......... 14% 67.5M 0s
  4800K .......... .......... .......... .......... .......... 14% 55.8M 0s
  4850K .......... .......... .......... .......... .......... 14% 68.5M 0s
  4900K .......... .......... .......... .......... .......... 14% 51.5M 0s
  4950K .......... .......... .......... .......... .......... 14% 71.2M 0s
  5000K .......... .......... .......... .......... .......... 14% 67.9M 0s
  5050K .......... .......... .......... .......... .......... 15% 67.8M 0s
  5100K .......... .......... .......... .......... .......... 15% 62.1M 0s
  5150K .......... .......... .......... .......... .......... 15% 55.7M 0s
  5200K .......... .......... .......... .......... .......... 15% 68.8M 0s
  5250K .......... .......... .......... .......... .......... 15% 64.1M 0s
  5300K .......... .......... .......... .......... .......... 15% 66.9M 0s
  5350K .......... .......... .......... .......... .......... 15% 53.4M 0s
  5400K .......... .......... .......... .......... .......... 16% 72.1M 0s
  5450K .......... .......... .......... .......... .......... 16% 66.7M 0s
  5500K .......... .......... .......... .......... .......... 16% 66.3M 0s
  5550K .......... .......... .......... .......... .......... 16% 55.3M 0s
  5600K .......... .......... .......... .......... .......... 16% 63.6M 0s
  5650K .......... .......... .......... .......... .......... 16% 67.5M 0s
  5700K .......... .......... .......... .......... .......... 16% 65.6M 0s
  5750K .......... .......... .......... .......... .......... 17% 72.1M 0s
  5800K .......... .......... .......... .......... .......... 17% 51.5M 0s
  5850K .......... .......... .......... .......... .......... 17% 69.9M 0s
  5900K .......... .......... .......... .......... .......... 17% 66.7M 0s
  5950K .......... .......... .......... .......... .......... 17% 68.3M 0s
  6000K .......... .......... .......... .......... .......... 17% 52.9M 0s
  6050K .......... .......... .......... .......... .......... 18% 73.6M 0s
  6100K .......... .......... .......... .......... .......... 18% 57.3M 0s
  6150K .......... .......... .......... .......... .......... 18% 63.0M 0s
  6200K .......... .......... .......... .......... .......... 18% 70.9M 0s
  6250K .......... .......... .......... .......... .......... 18% 54.2M 0s
  6300K .......... .......... .......... .......... .......... 18% 68.1M 0s
  6350K .......... .......... .......... .......... .......... 18% 66.1M 0s
  6400K .......... .......... .......... .......... .......... 19% 67.6M 0s
  6450K .......... .......... .......... .......... .......... 19% 52.6M 0s
  6500K .......... .......... .......... .......... .......... 19% 71.4M 0s
  6550K .......... .......... .......... .......... .......... 19% 67.9M 0s
  6600K .......... .......... .......... .......... .......... 19% 66.3M 0s
  6650K .......... .......... .......... .......... .......... 19% 65.3M 0s
  6700K .......... .......... .......... .......... .......... 19% 54.8M 0s
  6750K .......... .......... .......... .......... .......... 20% 69.5M 0s
  6800K .......... .......... .......... .......... .......... 20% 70.5M 0s
  6850K .......... .......... .......... .......... .......... 20% 70.1M 0s
  6900K .......... .......... .......... .......... .......... 20% 52.9M 0s
  6950K .......... .......... .......... .......... .......... 20% 69.4M 0s
  7000K .......... .......... .......... .......... .......... 20% 68.1M 0s
  7050K .......... .......... .......... .......... .......... 20% 70.7M 0s
  7100K .......... .......... .......... .......... .......... 21% 51.8M 0s
  7150K .......... .......... .......... .......... .......... 21% 71.7M 0s
  7200K .......... .......... .......... .......... .......... 21% 72.8M 0s
  7250K .......... .......... .......... .......... .......... 21% 65.3M 0s
  7300K .......... .......... .......... .......... .......... 21% 69.5M 0s
  7350K .......... .......... .......... .......... .......... 21% 53.1M 0s
  7400K .......... .......... .......... .......... .......... 22% 70.3M 0s
  7450K .......... .......... .......... .......... .......... 22% 66.0M 0s
  7500K .......... .......... .......... .......... .......... 22% 66.5M 0s
  7550K .......... .......... .......... .......... .......... 22% 56.5M 0s
  7600K .......... .......... .......... .......... .......... 22% 69.9M 0s
  7650K .......... .......... .......... .......... .......... 22% 69.0M 0s
  7700K .......... .......... .......... .......... .......... 22% 65.1M 0s
  7750K .......... .......... .......... .......... .......... 23% 69.0M 0s
  7800K .......... .......... .......... .......... .......... 23% 54.5M 0s
  7850K .......... .......... .......... .......... .......... 23% 68.2M 0s
  7900K .......... .......... .......... .......... .......... 23% 68.3M 0s
  7950K .......... .......... .......... .......... .......... 23% 70.7M 0s
  8000K .......... .......... .......... .......... .......... 23% 53.9M 0s
  8050K .......... .......... .......... .......... .......... 23% 68.0M 0s
  8100K .......... .......... .......... .......... .......... 24% 66.4M 0s
  8150K .......... .......... .......... .......... .......... 24% 66.9M 0s
  8200K .......... .......... .......... .......... .......... 24% 64.1M 0s
  8250K .......... .......... .......... .......... .......... 24% 71.5M 0s
  8300K .......... .......... .......... .......... .......... 24% 52.1M 0s
  8350K .......... .......... .......... .......... .......... 24% 69.7M 0s
  8400K .......... .......... .......... .......... .......... 24% 67.3M 0s
  8450K .......... .......... .......... .......... .......... 25% 68.8M 0s
  8500K .......... .......... .......... .......... .......... 25% 55.5M 0s
  8550K .......... .......... .......... .......... .......... 25% 73.0M 0s
  8600K .......... .......... .......... .......... .......... 25% 64.9M 0s
  8650K .......... .......... .......... .......... .......... 25% 68.7M 0s
  8700K .......... .......... .......... .......... .......... 25% 70.7M 0s
  8750K .......... .......... .......... .......... .......... 26% 55.7M 0s
  8800K .......... .......... .......... .......... .......... 26% 70.4M 0s
  8850K .......... .......... .......... .......... .......... 26% 63.7M 0s
  8900K .......... .......... .......... .......... .......... 26% 69.7M 0s
  8950K .......... .......... .......... .......... .......... 26% 56.7M 0s
  9000K .......... .......... .......... .......... .......... 26% 41.1M 0s
  9050K .......... .......... .......... .......... .......... 26% 65.0M 0s
  9100K .......... .......... .......... .......... .......... 27% 67.3M 0s
  9150K .......... .......... .......... .......... .......... 27% 57.0M 0s
  9200K .......... .......... .......... .......... .......... 27% 68.3M 0s
  9250K .......... .......... .......... .......... .......... 27% 67.6M 0s
  9300K .......... .......... .......... .......... .......... 27% 66.3M 0s
  9350K .......... .......... .......... .......... .......... 27% 70.5M 0s
  9400K .......... .......... .......... .......... .......... 27% 54.2M 0s
  9450K .......... .......... .......... .......... .......... 28% 67.3M 0s
  9500K .......... .......... .......... .......... .......... 28% 67.0M 0s
  9550K .......... .......... .......... .......... .......... 28% 72.4M 0s
  9600K .......... .......... .......... .......... .......... 28% 54.0M 0s
  9650K .......... .......... .......... .......... .......... 28% 68.9M 0s
  9700K .......... .......... .......... .......... .......... 28% 70.1M 0s
  9750K .......... .......... .......... .......... .......... 28% 61.2M 0s
  9800K .......... .......... .......... .......... .......... 29% 68.8M 0s
  9850K .......... .......... .......... .......... .......... 29% 52.3M 0s
  9900K .......... .......... .......... .......... .......... 29% 73.3M 0s
  9950K .......... .......... .......... .......... .......... 29% 67.2M 0s
 10000K .......... .......... .......... .......... .......... 29% 68.5M 0s
 10050K .......... .......... .......... .......... .......... 29% 51.8M 0s
 10100K .......... .......... .......... .......... .......... 30% 65.5M 0s
 10150K .......... .......... .......... .......... .......... 30% 72.7M 0s
 10200K .......... .......... .......... .......... .......... 30% 62.4M 0s
 10250K .......... .......... .......... .......... .......... 30% 70.4M 0s
 10300K .......... .......... .......... .......... .......... 30% 51.7M 0s
 10350K .......... .......... .......... .......... .......... 30% 70.9M 0s
 10400K .......... .......... .......... .......... .......... 30% 61.5M 0s
 10450K .......... .......... .......... .......... .......... 31% 66.0M 0s
 10500K .......... .......... .......... .......... .......... 31% 56.4M 0s
 10550K .......... .......... .......... .......... .......... 31% 71.6M 0s
 10600K .......... .......... .......... .......... .......... 31% 57.6M 0s
 10650K .......... .......... .......... .......... .......... 31% 70.8M 0s
 10700K .......... .......... .......... .......... .......... 31% 55.7M 0s
 10750K .......... .......... .......... .......... .......... 31% 60.3M 0s
 10800K .......... .......... .......... .......... .......... 32% 67.8M 0s
 10850K .......... .......... .......... .......... .......... 32% 68.1M 0s
 10900K .......... .......... .......... .......... .......... 32% 72.9M 0s
 10950K .......... .......... .......... .......... .......... 32% 52.8M 0s
 11000K .......... .......... .......... .......... .......... 32% 68.0M 0s
 11050K .......... .......... .......... .......... .......... 32% 68.5M 0s
 11100K .......... .......... .......... .......... .......... 32% 65.7M 0s
 11150K .......... .......... .......... .......... .......... 33% 56.8M 0s
 11200K .......... .......... .......... .......... .......... 33% 70.1M 0s
 11250K .......... .......... .......... .......... .......... 33% 69.8M 0s
 11300K .......... .......... .......... .......... .......... 33% 65.6M 0s
 11350K .......... .......... .......... .......... .......... 33% 62.7M 0s
 11400K .......... .......... .......... .......... .......... 33% 56.9M 0s
 11450K .......... .......... .......... .......... .......... 33% 68.7M 0s
 11500K .......... .......... .......... .......... .......... 34% 63.8M 0s
 11550K .......... .......... .......... .......... .......... 34% 72.3M 0s
 11600K .......... .......... .......... .......... .......... 34% 54.9M 0s
 11650K .......... .......... .......... .......... .......... 34% 65.7M 0s
 11700K .......... .......... .......... .......... .......... 34% 67.4M 0s
 11750K .......... .......... .......... .......... .......... 34% 71.4M 0s
 11800K .......... .......... .......... .......... .......... 35% 68.6M 0s
 11850K .......... .......... .......... .......... .......... 35% 56.6M 0s
 11900K .......... .......... .......... .......... .......... 35% 74.6M 0s
 11950K .......... .......... .......... .......... .......... 35% 65.2M 0s
 12000K .......... .......... .......... .......... .......... 35% 69.2M 0s
 12050K .......... .......... .......... .......... .......... 35% 57.0M 0s
 12100K .......... .......... .......... .......... .......... 35% 71.2M 0s
 12150K .......... .......... .......... .......... .......... 36% 69.0M 0s
 12200K .......... .......... .......... .......... .......... 36% 66.4M 0s
 12250K .......... .......... .......... .......... .......... 36% 65.5M 0s
 12300K .......... .......... .......... .......... .......... 36% 69.0M 0s
 12350K .......... .......... .......... .......... .......... 36% 55.2M 0s
 12400K .......... .......... .......... .......... .......... 36% 72.5M 0s
 12450K .......... .......... .......... .......... .......... 36% 62.7M 0s
 12500K .......... .......... .......... .......... .......... 37% 62.9M 0s
 12550K .......... .......... .......... .......... .......... 37% 55.3M 0s
 12600K .......... .......... .......... .......... .......... 37% 72.7M 0s
 12650K .......... .......... .......... .......... .......... 37% 64.6M 0s
 12700K .......... .......... .......... .......... .......... 37% 70.5M 0s
 12750K .......... .......... .......... .......... .......... 37% 56.4M 0s
 12800K .......... .......... .......... .......... .......... 37% 71.7M 0s
 12850K .......... .......... .......... .......... .......... 38% 67.2M 0s
 12900K .......... .......... .......... .......... .......... 38% 65.7M 0s
 12950K .......... .......... .......... .......... .......... 38% 71.9M 0s
 13000K .......... .......... .......... .......... .......... 38% 56.1M 0s
 13050K .......... .......... .......... .......... .......... 38% 67.9M 0s
 13100K .......... .......... .......... .......... .......... 38% 64.4M 0s
 13150K .......... .......... .......... .......... .......... 39% 68.5M 0s
 13200K .......... .......... .......... .......... .......... 39% 54.1M 0s
 13250K .......... .......... .......... .......... .......... 39% 70.4M 0s
 13300K .......... .......... .......... .......... .......... 39% 68.9M 0s
 13350K .......... .......... .......... .......... .......... 39% 68.7M 0s
 13400K .......... .......... .......... .......... .......... 39% 70.4M 0s
 13450K .......... .......... .......... .......... .......... 39% 53.5M 0s
 13500K .......... .......... .......... .......... .......... 40% 71.7M 0s
 13550K .......... .......... .......... .......... .......... 40% 64.7M 0s
 13600K .......... .......... .......... .......... .......... 40% 71.3M 0s
 13650K .......... .......... .......... .......... .......... 40% 57.0M 0s
 13700K .......... .......... .......... .......... .......... 40% 71.5M 0s
 13750K .......... .......... .......... .......... .......... 40% 67.3M 0s
 13800K .......... .......... .......... .......... .......... 40% 65.8M 0s
 13850K .......... .......... .......... .......... .......... 41% 70.5M 0s
 13900K .......... .......... .......... .......... .......... 41% 54.4M 0s
 13950K .......... .......... .......... .......... .......... 41% 68.7M 0s
 14000K .......... .......... .......... .......... .......... 41% 69.8M 0s
 14050K .......... .......... .......... .......... .......... 41% 65.3M 0s
 14100K .......... .......... .......... .......... .......... 41% 53.3M 0s
 14150K .......... .......... .......... .......... .......... 41% 71.6M 0s
 14200K .......... .......... .......... .......... .......... 42% 68.3M 0s
 14250K .......... .......... .......... .......... .......... 42% 64.3M 0s
 14300K .......... .......... .......... .......... .......... 42% 51.0M 0s
 14350K .......... .......... .......... .......... .......... 42% 71.8M 0s
 14400K .......... .......... .......... .......... .......... 42% 67.2M 0s
 14450K .......... .......... .......... .......... .......... 42% 65.3M 0s
 14500K .......... .......... .......... .......... .......... 43% 71.6M 0s
 14550K .......... .......... .......... .......... .......... 43% 54.2M 0s
 14600K .......... .......... .......... .......... .......... 43% 68.7M 0s
 14650K .......... .......... .......... .......... .......... 43% 67.2M 0s
 14700K .......... .......... .......... .......... .......... 43% 69.6M 0s
 14750K .......... .......... .......... .......... .......... 43% 52.5M 0s
 14800K .......... .......... .......... .......... .......... 43% 70.6M 0s
 14850K .......... .......... .......... .......... .......... 44% 68.4M 0s
 14900K .......... .......... .......... .......... .......... 44% 65.1M 0s
 14950K .......... .......... .......... .......... .......... 44% 69.9M 0s
 15000K .......... .......... .......... .......... .......... 44% 56.0M 0s
 15050K .......... .......... .......... .......... .......... 44% 63.0M 0s
 15100K .......... .......... .......... .......... .......... 44% 64.5M 0s
 15150K .......... .......... .......... .......... .......... 44% 69.2M 0s
 15200K .......... .......... .......... .......... .......... 45% 54.6M 0s
 15250K .......... .......... .......... .......... .......... 45% 69.0M 0s
 15300K .......... .......... .......... .......... .......... 45% 66.9M 0s
 15350K .......... .......... .......... .......... .......... 45% 72.3M 0s
 15400K .......... .......... .......... .......... .......... 45% 73.6M 0s
 15450K .......... .......... .......... .......... .......... 45% 52.8M 0s
 15500K .......... .......... .......... .......... .......... 45% 66.9M 0s
 15550K .......... .......... .......... .......... .......... 46% 66.5M 0s
 15600K .......... .......... .......... .......... .......... 46% 68.8M 0s
 15650K .......... .......... .......... .......... .......... 46% 57.0M 0s
 15700K .......... .......... .......... .......... .......... 46% 70.7M 0s
 15750K .......... .......... .......... .......... .......... 46% 65.7M 0s
 15800K .......... .......... .......... .......... .......... 46% 67.9M 0s
 15850K .......... .......... .......... .......... .......... 47% 58.4M 0s
 15900K .......... .......... .......... .......... .......... 47% 71.1M 0s
 15950K .......... .......... .......... .......... .......... 47% 68.9M 0s
 16000K .......... .......... .......... .......... .......... 47% 66.5M 0s
 16050K .......... .......... .......... .......... .......... 47% 68.5M 0s
 16100K .......... .......... .......... .......... .......... 47% 56.8M 0s
 16150K .......... .......... .......... .......... .......... 47% 69.5M 0s
 16200K .......... .......... .......... .......... .......... 48% 64.1M 0s
 16250K .......... .......... .......... .......... .......... 48% 69.9M 0s
 16300K .......... .......... .......... .......... .......... 48% 54.4M 0s
 16350K .......... .......... .......... .......... .......... 48% 57.7M 0s
 16400K .......... .......... .......... .......... .......... 48% 63.5M 0s
 16450K .......... .......... .......... .......... .......... 48% 71.4M 0s
 16500K .......... .......... .......... .......... .......... 48% 64.0M 0s
 16550K .......... .......... .......... .......... .......... 49% 70.8M 0s
 16600K .......... .......... .......... .......... .......... 49% 54.6M 0s
 16650K .......... .......... .......... .......... .......... 49% 69.0M 0s
 16700K .......... .......... .......... .......... .......... 49% 64.3M 0s
 16750K .......... .......... .......... .......... .......... 49% 71.6M 0s
 16800K .......... .......... .......... .......... .......... 49% 46.0M 0s
 16850K .......... .......... .......... .......... .......... 49% 73.1M 0s
 16900K .......... .......... .......... .......... .......... 50% 64.9M 0s
 16950K .......... .......... .......... .......... .......... 50% 60.8M 0s
 17000K .......... .......... .......... .......... .......... 50% 71.5M 0s
 17050K .......... .......... .......... .......... .......... 50% 55.1M 0s
 17100K .......... .......... .......... .......... .......... 50% 61.0M 0s
 17150K .......... .......... .......... .......... .......... 50% 62.3M 0s
 17200K .......... .......... .......... .......... .......... 50% 69.5M 0s
 17250K .......... .......... .......... .......... .......... 51% 55.5M 0s
 17300K .......... .......... .......... .......... .......... 51% 66.5M 0s
 17350K .......... .......... .......... .......... .......... 51% 70.1M 0s
 17400K .......... .......... .......... .......... .......... 51% 69.5M 0s
 17450K .......... .......... .......... .......... .......... 51% 70.1M 0s
 17500K .......... .......... .......... .......... .......... 51% 52.9M 0s
 17550K .......... .......... .......... .......... .......... 52% 67.8M 0s
 17600K .......... .......... .......... .......... .......... 52% 68.4M 0s
 17650K .......... .......... .......... .......... .......... 52% 68.8M 0s
 17700K .......... .......... .......... .......... .......... 52% 52.3M 0s
 17750K .......... .......... .......... .......... .......... 52% 73.9M 0s
 17800K .......... .......... .......... .......... .......... 52% 66.6M 0s
 17850K .......... .......... .......... .......... .......... 52% 68.6M 0s
 17900K .......... .......... .......... .......... .......... 53% 48.2M 0s
 17950K .......... .......... .......... .......... .......... 53% 69.5M 0s
 18000K .......... .......... .......... .......... .......... 53% 64.6M 0s
 18050K .......... .......... .......... .......... .......... 53% 65.5M 0s
 18100K .......... .......... .......... .......... .......... 53% 71.1M 0s
 18150K .......... .......... .......... .......... .......... 53% 59.3M 0s
 18200K .......... .......... .......... .......... .......... 53% 62.7M 0s
 18250K .......... .......... .......... .......... .......... 54% 65.6M 0s
 18300K .......... .......... .......... .......... .......... 54% 75.9M 0s
 18350K .......... .......... .......... .......... .......... 54% 57.0M 0s
 18400K .......... .......... .......... .......... .......... 54% 76.0M 0s
 18450K .......... .......... .......... .......... .......... 54% 77.4M 0s
 18500K .......... .......... .......... .......... .......... 54% 67.9M 0s
 18550K .......... .......... .......... .......... .......... 54% 68.3M 0s
 18600K .......... .......... .......... .......... .......... 55% 48.6M 0s
 18650K .......... .......... .......... .......... .......... 55% 72.1M 0s
 18700K .......... .......... .......... .......... .......... 55% 66.6M 0s
 18750K .......... .......... .......... .......... .......... 55% 75.2M 0s
 18800K .......... .......... .......... .......... .......... 55% 55.6M 0s
 18850K .......... .......... .......... .......... .......... 55% 70.7M 0s
 18900K .......... .......... .......... .......... .......... 56% 64.7M 0s
 18950K .......... .......... .......... .......... .......... 56% 69.9M 0s
 19000K .......... .......... .......... .......... .......... 56% 69.7M 0s
 19050K .......... .......... .......... .......... .......... 56% 52.3M 0s
 19100K .......... .......... .......... .......... .......... 56% 71.3M 0s
 19150K .......... .......... .......... .......... .......... 56% 62.1M 0s
 19200K .......... .......... .......... .......... .......... 56% 61.1M 0s
 19250K .......... .......... .......... .......... .......... 57% 54.3M 0s
 19300K .......... .......... .......... .......... .......... 57% 71.5M 0s
 19350K .......... .......... .......... .......... .......... 57% 62.5M 0s
 19400K .......... .......... .......... .......... .......... 57% 68.6M 0s
 19450K .......... .......... .......... .......... .......... 57% 53.9M 0s
 19500K .......... .......... .......... .......... .......... 57% 67.2M 0s
 19550K .......... .......... .......... .......... .......... 57% 63.2M 0s
 19600K .......... .......... .......... .......... .......... 58% 66.9M 0s
 19650K .......... .......... .......... .......... .......... 58% 70.2M 0s
 19700K .......... .......... .......... .......... .......... 58% 56.5M 0s
 19750K .......... .......... .......... .......... .......... 58% 65.1M 0s
 19800K .......... .......... .......... .......... .......... 58% 63.4M 0s
 19850K .......... .......... .......... .......... .......... 58% 73.0M 0s
 19900K .......... .......... .......... .......... .......... 58% 51.3M 0s
 19950K .......... .......... .......... .......... .......... 59% 71.0M 0s
 20000K .......... .......... .......... .......... .......... 59% 69.1M 0s
 20050K .......... .......... .......... .......... .......... 59% 60.7M 0s
 20100K .......... .......... .......... .......... .......... 59% 64.6M 0s
 20150K .......... .......... .......... .......... .......... 59% 54.4M 0s
 20200K .......... .......... .......... .......... .......... 59% 70.0M 0s
 20250K .......... .......... .......... .......... .......... 60% 65.2M 0s
 20300K .......... .......... .......... .......... .......... 60% 66.0M 0s
 20350K .......... .......... .......... .......... .......... 60% 55.1M 0s
 20400K .......... .......... .......... .......... .......... 60% 69.9M 0s
 20450K .......... .......... .......... .......... .......... 60% 62.4M 0s
 20500K .......... .......... .......... .......... .......... 60% 66.9M 0s
 20550K .......... .......... .......... .......... .......... 60% 64.4M 0s
 20600K .......... .......... .......... .......... .......... 61% 69.6M 0s
 20650K .......... .......... .......... .......... .......... 61% 52.2M 0s
 20700K .......... .......... .......... .......... .......... 61% 67.4M 0s
 20750K .......... .......... .......... .......... .......... 61% 63.3M 0s
 20800K .......... .......... .......... .......... .......... 61% 68.1M 0s
 20850K .......... .......... .......... .......... .......... 61% 54.2M 0s
 20900K .......... .......... .......... .......... .......... 61% 67.4M 0s
 20950K .......... .......... .......... .......... .......... 62% 66.3M 0s
 21000K .......... .......... .......... .......... .......... 62% 70.2M 0s
 21050K .......... .......... .......... .......... .......... 62% 66.9M 0s
 21100K .......... .......... .......... .......... .......... 62% 52.6M 0s
 21150K .......... .......... .......... .......... .......... 62% 69.1M 0s
 21200K .......... .......... .......... .......... .......... 62% 65.8M 0s
 21250K .......... .......... .......... .......... .......... 62% 60.6M 0s
 21300K .......... .......... .......... .......... .......... 63% 54.1M 0s
 21350K .......... .......... .......... .......... .......... 63% 70.5M 0s
 21400K .......... .......... .......... .......... .......... 63% 62.7M 0s
 21450K .......... .......... .......... .......... .......... 63% 69.5M 0s
 21500K .......... .......... .......... .......... .......... 63% 54.6M 0s
 21550K .......... .......... .......... .......... .......... 63% 62.5M 0s
 21600K .......... .......... .......... .......... .......... 64% 72.0M 0s
 21650K .......... .......... .......... .......... .......... 64% 67.7M 0s
 21700K .......... .......... .......... .......... .......... 64% 73.5M 0s
 21750K .......... .......... .......... .......... .......... 64% 50.0M 0s
 21800K .......... .......... .......... .......... .......... 64% 66.5M 0s
 21850K .......... .......... .......... .......... .......... 64% 65.5M 0s
 21900K .......... .......... .......... .......... .......... 64% 65.9M 0s
 21950K .......... .......... .......... .......... .......... 65% 53.8M 0s
 22000K .......... .......... .......... .......... .......... 65% 63.7M 0s
 22050K .......... .......... .......... .......... .......... 65% 69.7M 0s
 22100K .......... .......... .......... .......... .......... 65% 61.5M 0s
 22150K .......... .......... .......... .......... .......... 65% 69.5M 0s
 22200K .......... .......... .......... .......... .......... 65% 56.7M 0s
 22250K .......... .......... .......... .......... .......... 65% 68.2M 0s
 22300K .......... .......... .......... .......... .......... 66% 64.9M 0s
 22350K .......... .......... .......... .......... .......... 66% 70.5M 0s
 22400K .......... .......... .......... .......... .......... 66% 53.4M 0s
 22450K .......... .......... .......... .......... .......... 66% 64.3M 0s
 22500K .......... .......... .......... .......... .......... 66% 61.8M 0s
 22550K .......... .......... .......... .......... .......... 66% 65.7M 0s
 22600K .......... .......... .......... .......... .......... 66% 70.7M 0s
 22650K .......... .......... .......... .......... .......... 67% 55.7M 0s
 22700K .......... .......... .......... .......... .......... 67% 62.6M 0s
 22750K .......... .......... .......... .......... .......... 67% 62.0M 0s
 22800K .......... .......... .......... .......... .......... 67% 70.6M 0s
 22850K .......... .......... .......... .......... .......... 67% 53.8M 0s
 22900K .......... .......... .......... .......... .......... 67% 65.3M 0s
 22950K .......... .......... .......... .......... .......... 67% 64.7M 0s
 23000K .......... .......... .......... .......... .......... 68% 68.6M 0s
 23050K .......... .......... .......... .......... .......... 68% 55.6M 0s
 23100K .......... .......... .......... .......... .......... 68% 64.6M 0s
 23150K .......... .......... .......... .......... .......... 68% 68.4M 0s
 23200K .......... .......... .......... .......... .......... 68% 66.2M 0s
 23250K .......... .......... .......... .......... .......... 68% 69.6M 0s
 23300K .......... .......... .......... .......... .......... 69% 50.8M 0s
 23350K .......... .......... .......... .......... .......... 69% 67.8M 0s
 23400K .......... .......... .......... .......... .......... 69% 54.6M 0s
 23450K .......... .......... .......... .......... .......... 69% 68.4M 0s
 23500K .......... .......... .......... .......... .......... 69% 54.6M 0s
 23550K .......... .......... .......... .......... .......... 69% 72.5M 0s
 23600K .......... .......... .......... .......... .......... 69% 65.9M 0s
 23650K .......... .......... .......... .......... .......... 70% 60.5M 0s
 23700K .......... .......... .......... .......... .......... 70% 72.0M 0s
 23750K .......... .......... .......... .......... .......... 70% 54.3M 0s
 23800K .......... .......... .......... .......... .......... 70% 63.3M 0s
 23850K .......... .......... .......... .......... .......... 70% 66.7M 0s
 23900K .......... .......... .......... .......... .......... 70% 66.7M 0s
 23950K .......... .......... .......... .......... .......... 70% 54.6M 0s
 24000K .......... .......... .......... .......... .......... 71% 67.8M 0s
 24050K .......... .......... .......... .......... .......... 71% 67.3M 0s
 24100K .......... .......... .......... .......... .......... 71% 67.2M 0s
 24150K .......... .......... .......... .......... .......... 71% 69.3M 0s
 24200K .......... .......... .......... .......... .......... 71% 56.6M 0s
 24250K .......... .......... .......... .......... .......... 71% 67.4M 0s
 24300K .......... .......... .......... .......... .......... 71% 64.5M 0s
 24350K .......... .......... .......... .......... .......... 72% 66.5M 0s
 24400K .......... .......... .......... .......... .......... 72% 54.9M 0s
 24450K .......... .......... .......... .......... .......... 72% 63.4M 0s
 24500K .......... .......... .......... .......... .......... 72% 64.6M 0s
 24550K .......... .......... .......... .......... .......... 72% 64.7M 0s
 24600K .......... .......... .......... .......... .......... 72% 71.1M 0s
 24650K .......... .......... .......... .......... .......... 73% 71.0M 0s
 24700K .......... .......... .......... .......... .......... 73% 51.5M 0s
 24750K .......... .......... .......... .......... .......... 73% 63.8M 0s
 24800K .......... .......... .......... .......... .......... 73% 59.4M 0s
 24850K .......... .......... .......... .......... .......... 73% 67.9M 0s
 24900K .......... .......... .......... .......... .......... 73% 50.8M 0s
 24950K .......... .......... .......... .......... .......... 73% 72.5M 0s
 25000K .......... .......... .......... .......... .......... 74% 67.1M 0s
 25050K .......... .......... .......... .......... .......... 74% 71.0M 0s
 25100K .......... .......... .......... .......... .......... 74% 53.4M 0s
 25150K .......... .......... .......... .......... .......... 74% 69.9M 0s
 25200K .......... .......... .......... .......... .......... 74% 68.2M 0s
 25250K .......... .......... .......... .......... .......... 74% 61.7M 0s
 25300K .......... .......... .......... .......... .......... 74% 71.1M 0s
 25350K .......... .......... .......... .......... .......... 75% 53.2M 0s
 25400K .......... .......... .......... .......... .......... 75% 64.9M 0s
 25450K .......... .......... .......... .......... .......... 75% 67.8M 0s
 25500K .......... .......... .......... .......... .......... 75% 67.4M 0s
 25550K .......... .......... .......... .......... .......... 75% 52.5M 0s
 25600K .......... .......... .......... .......... .......... 75% 69.5M 0s
 25650K .......... .......... .......... .......... .......... 75% 69.0M 0s
 25700K .......... .......... .......... .......... .......... 76% 68.2M 0s
 25750K .......... .......... .......... .......... .......... 76% 66.6M 0s
 25800K .......... .......... .......... .......... .......... 76% 52.7M 0s
 25850K .......... .......... .......... .......... .......... 76% 69.1M 0s
 25900K .......... .......... .......... .......... .......... 76% 66.2M 0s
 25950K .......... .......... .......... .......... .......... 76% 66.2M 0s
 26000K .......... .......... .......... .......... .......... 77% 55.1M 0s
 26050K .......... .......... .......... .......... .......... 77% 69.1M 0s
 26100K .......... .......... .......... .......... .......... 77% 61.8M 0s
 26150K .......... .......... .......... .......... .......... 77% 67.0M 0s
 26200K .......... .......... .......... .......... .......... 77% 70.1M 0s
 26250K .......... .......... .......... .......... .......... 77% 55.3M 0s
 26300K .......... .......... .......... .......... .......... 77% 40.6M 0s
 26350K .......... .......... .......... .......... .......... 78% 69.8M 0s
 26400K .......... .......... .......... .......... .......... 78% 70.3M 0s
 26450K .......... .......... .......... .......... .......... 78% 53.5M 0s
 26500K .......... .......... .......... .......... .......... 78% 75.0M 0s
 26550K .......... .......... .......... .......... .......... 78% 70.1M 0s
 26600K .......... .......... .......... .......... .......... 78% 68.1M 0s
 26650K .......... .......... .......... .......... .......... 78% 53.9M 0s
 26700K .......... .......... .......... .......... .......... 79% 69.3M 0s
 26750K .......... .......... .......... .......... .......... 79% 69.1M 0s
 26800K .......... .......... .......... .......... .......... 79% 64.6M 0s
 26850K .......... .......... .......... .......... .......... 79% 67.6M 0s
 26900K .......... .......... .......... .......... .......... 79% 55.3M 0s
 26950K .......... .......... .......... .......... .......... 79% 67.1M 0s
 27000K .......... .......... .......... .......... .......... 79% 68.4M 0s
 27050K .......... .......... .......... .......... .......... 80% 72.4M 0s
 27100K .......... .......... .......... .......... .......... 80% 53.0M 0s
 27150K .......... .......... .......... .......... .......... 80% 69.5M 0s
 27200K .......... .......... .......... .......... .......... 80% 71.0M 0s
 27250K .......... .......... .......... .......... .......... 80% 63.9M 0s
 27300K .......... .......... .......... .......... .......... 80% 71.5M 0s
 27350K .......... .......... .......... .......... .......... 81% 55.8M 0s
 27400K .......... .......... .......... .......... .......... 81% 70.8M 0s
 27450K .......... .......... .......... .......... .......... 81% 58.7M 0s
 27500K .......... .......... .......... .......... .......... 81% 70.6M 0s
 27550K .......... .......... .......... .......... .......... 81% 55.1M 0s
 27600K .......... .......... .......... .......... .......... 81% 66.0M 0s
 27650K .......... .......... .......... .......... .......... 81% 59.1M 0s
 27700K .......... .......... .......... .......... .......... 82% 68.9M 0s
 27750K .......... .......... .......... .......... .......... 82% 69.5M 0s
 27800K .......... .......... .......... .......... .......... 82% 53.0M 0s
 27850K .......... .......... .......... .......... .......... 82% 68.7M 0s
 27900K .......... .......... .......... .......... .......... 82% 68.4M 0s
 27950K .......... .......... .......... .......... .......... 82% 67.7M 0s
 28000K .......... .......... .......... .......... .......... 82% 53.7M 0s
 28050K .......... .......... .......... .......... .......... 83% 69.4M 0s
 28100K .......... .......... .......... .......... .......... 83% 65.4M 0s
 28150K .......... .......... .......... .......... .......... 83% 65.9M 0s
 28200K .......... .......... .......... .......... .......... 83% 52.8M 0s
 28250K .......... .......... .......... .......... .......... 83% 67.7M 0s
 28300K .......... .......... .......... .......... .......... 83% 68.2M 0s
 28350K .......... .......... .......... .......... .......... 83% 56.9M 0s
 28400K .......... .......... .......... .......... .......... 84% 71.6M 0s
 28450K .......... .......... .......... .......... .......... 84% 50.0M 0s
 28500K .......... .......... .......... .......... .......... 84% 68.3M 0s
 28550K .......... .......... .......... .......... .......... 84% 66.6M 0s
 28600K .......... .......... .......... .......... .......... 84% 72.1M 0s
 28650K .......... .......... .......... .......... .......... 84% 60.7M 0s
 28700K .......... .......... .......... .......... .......... 84% 53.6M 0s
 28750K .......... .......... .......... .......... .......... 85% 71.8M 0s
 28800K .......... .......... .......... .......... .......... 85% 68.6M 0s
 28850K .......... .......... .......... .......... .......... 85% 63.0M 0s
 28900K .......... .......... .......... .......... .......... 85% 67.9M 0s
 28950K .......... .......... .......... .......... .......... 85% 54.9M 0s
 29000K .......... .......... .......... .......... .......... 85% 70.2M 0s
 29050K .......... .......... .......... .......... .......... 86% 64.0M 0s
 29100K .......... .......... .......... .......... .......... 86% 69.3M 0s
 29150K .......... .......... .......... .......... .......... 86% 54.7M 0s
 29200K .......... .......... .......... .......... .......... 86% 67.6M 0s
 29250K .......... .......... .......... .......... .......... 86% 69.4M 0s
 29300K .......... .......... .......... .......... .......... 86% 66.7M 0s
 29350K .......... .......... .......... .......... .......... 86% 66.1M 0s
 29400K .......... .......... .......... .......... .......... 87% 54.9M 0s
 29450K .......... .......... .......... .......... .......... 87% 71.8M 0s
 29500K .......... .......... .......... .......... .......... 87% 66.1M 0s
 29550K .......... .......... .......... .......... .......... 87% 67.3M 0s
 29600K .......... .......... .......... .......... .......... 87% 54.0M 0s
 29650K .......... .......... .......... .......... .......... 87% 67.5M 0s
 29700K .......... .......... .......... .......... .......... 87% 65.5M 0s
 29750K .......... .......... .......... .......... .......... 88% 71.1M 0s
 29800K .......... .......... .......... .......... .......... 88% 64.8M 0s
 29850K .......... .......... .......... .......... .......... 88% 47.7M 0s
 29900K .......... .......... .......... .......... .......... 88% 64.0M 0s
 29950K .......... .......... .......... .......... .......... 88% 67.3M 0s
 30000K .......... .......... .......... .......... .......... 88% 66.2M 0s
 30050K .......... .......... .......... .......... .......... 88% 55.0M 0s
 30100K .......... .......... .......... .......... .......... 89% 70.0M 0s
 30150K .......... .......... .......... .......... .......... 89% 67.0M 0s
 30200K .......... .......... .......... .......... .......... 89% 66.0M 0s
 30250K .......... .......... .......... .......... .......... 89% 55.2M 0s
 30300K .......... .......... .......... .......... .......... 89% 69.0M 0s
 30350K .......... .......... .......... .......... .......... 89% 67.7M 0s
 30400K .......... .......... .......... .......... .......... 90% 66.6M 0s
 30450K .......... .......... .......... .......... .......... 90% 64.5M 0s
 30500K .......... .......... .......... .......... .......... 90% 51.2M 0s
 30550K .......... .......... .......... .......... .......... 90% 70.0M 0s
 30600K .......... .......... .......... .......... .......... 90% 67.8M 0s
 30650K .......... .......... .......... .......... .......... 90% 67.9M 0s
 30700K .......... .......... .......... .......... .......... 90% 51.0M 0s
 30750K .......... .......... .......... .......... .......... 91% 72.2M 0s
 30800K .......... .......... .......... .......... .......... 91% 68.0M 0s
 30850K .......... .......... .......... .......... .......... 91% 63.2M 0s
 30900K .......... .......... .......... .......... .......... 91% 64.3M 0s
 30950K .......... .......... .......... .......... .......... 91% 49.8M 0s
 31000K .......... .......... .......... .......... .......... 91% 70.4M 0s
 31050K .......... .......... .......... .......... .......... 91% 62.9M 0s
 31100K .......... .......... .......... .......... .......... 92% 68.7M 0s
 31150K .......... .......... .......... .......... .......... 92% 57.4M 0s
 31200K .......... .......... .......... .......... .......... 92% 68.7M 0s
 31250K .......... .......... .......... .......... .......... 92% 65.8M 0s
 31300K .......... .......... .......... .......... .......... 92% 69.9M 0s
 31350K .......... .......... .......... .......... .......... 92% 71.0M 0s
 31400K .......... .......... .......... .......... .......... 92% 53.9M 0s
 31450K .......... .......... .......... .......... .......... 93% 69.7M 0s
 31500K .......... .......... .......... .......... .......... 93% 69.0M 0s
 31550K .......... .......... .......... .......... .......... 93% 73.7M 0s
 31600K .......... .......... .......... .......... .......... 93% 55.6M 0s
 31650K .......... .......... .......... .......... .......... 93% 68.8M 0s
 31700K .......... .......... .......... .......... .......... 93% 67.4M 0s
 31750K .......... .......... .......... .......... .......... 94% 71.1M 0s
 31800K .......... .......... .......... .......... .......... 94% 53.5M 0s
 31850K .......... .......... .......... .......... .......... 94% 70.4M 0s
 31900K .......... .......... .......... .......... .......... 94% 71.5M 0s
 31950K .......... .......... .......... .......... .......... 94% 69.5M 0s
 32000K .......... .......... .......... .......... .......... 94% 73.0M 0s
 32050K .......... .......... .......... .......... .......... 94% 55.2M 0s
 32100K .......... .......... .......... .......... .......... 95% 72.6M 0s
 32150K .......... .......... .......... .......... .......... 95% 68.7M 0s
 32200K .......... .......... .......... .......... .......... 95% 73.6M 0s
 32250K .......... .......... .......... .......... .......... 95% 57.5M 0s
 32300K .......... .......... .......... .......... .......... 95% 72.4M 0s
 32350K .......... .......... .......... .......... .......... 95% 72.9M 0s
 32400K .......... .......... .......... .......... .......... 95% 68.5M 0s
 32450K .......... .......... .......... .......... .......... 96% 72.8M 0s
 32500K .......... .......... .......... .......... .......... 96% 54.4M 0s
 32550K .......... .......... .......... .......... .......... 96% 73.0M 0s
 32600K .......... .......... .......... .......... .......... 96% 68.4M 0s
 32650K .......... .......... .......... .......... .......... 96% 72.8M 0s
 32700K .......... .......... .......... .......... .......... 96% 57.0M 0s
 32750K .......... .......... .......... .......... .......... 96% 64.4M 0s
 32800K .......... .......... .......... .......... .......... 97% 71.8M 0s
 32850K .......... .......... .......... .......... .......... 97% 71.9M 0s
 32900K .......... .......... .......... .......... .......... 97% 70.0M 0s
 32950K .......... .......... .......... .......... .......... 97% 70.1M 0s
 33000K .......... .......... .......... .......... .......... 97% 55.7M 0s
 33050K .......... .......... .......... .......... .......... 97% 69.0M 0s
 33100K .......... .......... .......... .......... .......... 98% 66.5M 0s
 33150K .......... .......... .......... .......... .......... 98% 72.1M 0s
 33200K .......... .......... .......... .......... .......... 98% 55.9M 0s
 33250K .......... .......... .......... .......... .......... 98% 64.7M 0s
 33300K .......... .......... .......... .......... .......... 98% 67.6M 0s
 33350K .......... .......... .......... .......... .......... 98% 72.7M 0s
 33400K .......... .......... .......... .......... .......... 98% 73.0M 0s
 33450K .......... .......... .......... .......... .......... 99% 55.5M 0s
 33500K .......... .......... .......... .......... .......... 99% 73.2M 0s
 33550K .......... .......... .......... .......... .......... 99% 65.4M 0s
 33600K .......... .......... .......... .......... .......... 99% 66.6M 0s
 33650K .......... .......... .......... .......... .......... 99% 54.1M 0s
 33700K .......... .......... .......... .......... .......... 99% 67.0M 0s
 33750K .......... .......... .......... .......... .......... 99% 65.7M 0s
 33800K .......... .......... ....                            100% 73.3M=0.5s

2024-02-13 13:44:09 (63.8 MB/s) - 'MG5_aMC_v2.6.5.tar.gz' saved [34635867/34635867]

patching file models/loop_qcd_qed_sm/restrict_lepton_masses_no_lepton_yukawas.dat
patching file models/loop_sm/restrict_ckm_no_b_mass.dat
patching file models/sm/restrict_ckm_lepton_masses.dat
patching file models/sm/restrict_ckm_lepton_masses_no_b_mass.dat
patching file models/sm/restrict_ckm_no_b_mass.dat
patching file models/sm/restrict_lepton_masses_no_b_mass.dat
patching file Template/NLO/SubProcesses/MCmasses_PYTHIA8.inc
patching file madgraph/interface/reweight_interface.py
patching file madgraph/interface/loop_interface.py
patching file madgraph/various/systematics.py
patching file Template/LO/Source/.make_opts
Hunk #1 succeeded at 118 (offset 4 lines).
patching file Template/NLO/Source/make_opts.inc
patching file madgraph/iolibs/export_v4.py
Hunk #1 succeeded at 521 (offset 23 lines).
patching file madgraph/iolibs/template_files/pdf_opendata.f
patching file madgraph/iolibs/template_files/pdf_wrap_lhapdf.f
Hunk #2 succeeded at 38 with fuzz 1.
patching file Template/LO/SubProcesses/refine.sh
patching file Template/LO/SubProcesses/refine_splitted.sh
patching file Template/LO/SubProcesses/survey.sh
patching file Template/NLO/SubProcesses/ajob_template
patching file Template/NLO/SubProcesses/reweight_xsec_events.local
patching file Template/LO/Source/.make_opts
Hunk #1 succeeded at 100 (offset 4 lines).
patching file Template/LO/Source/PDF/pdf_lhapdf6.cc
Hunk #1 succeeded at 16 with fuzz 2 (offset 4 lines).
patching file Template/NLO/Source/PDF/pdf_lhapdf6.cc
Hunk #1 succeeded at 16 with fuzz 2 (offset 4 lines).
patching file Template/NLO/Source/make_opts.inc
patching file madgraph/iolibs/template_files/pdf_wrap_lhapdf.f
patching file Template/LO/SubProcesses/refine.sh
Hunk #3 succeeded at 113 with fuzz 2.
patching file Template/LO/SubProcesses/refine_splitted.sh
patching file Template/LO/SubProcesses/survey.sh
patching file Template/NLO/SubProcesses/ajob_template
patching file Template/NLO/SubProcesses/reweight_xsec_events.local
patching file madgraph/interface/reweight_interface.py
Hunk #1 succeeded at 1885 (offset 37 lines).
patching file madgraph/interface/common_run_interface.py
Hunk #1 succeeded at 1701 (offset 101 lines).
patching file Template/LO/SubProcesses/refine.sh
patching file Template/LO/SubProcesses/refine_splitted.sh
patching file Template/LO/SubProcesses/survey.sh
patching file Template/NLO/SubProcesses/ajob_template
patching file Template/NLO/SubProcesses/reweight_xsec_events.local
patching file madgraph/various/misc.py
Hunk #1 succeeded at 450 (offset 48 lines).
patching file madgraph/interface/amcatnlo_run_interface.py
patching file madgraph/interface/madevent_interface.py
Hunk #1 succeeded at 6598 (offset 17 lines).
Hunk #2 succeeded at 6614 (offset 17 lines).
patching file madgraph/interface/reweight_interface.py
Hunk #2 succeeded at 1696 (offset 25 lines).
patching file MadSpin/decay.py
patching file Template/NLO/SubProcesses/handling_lhe_events.f
patching file madgraph/interface/amcatnlo_run_interface.py
patching file madgraph/interface/reweight_interface.py
Hunk #1 succeeded at 644 (offset 1 line).
Hunk #2 succeeded at 1788 (offset 7 lines).
patching file Template/NLO/SubProcesses/driver_mintFO.f
patching file Template/NLO/SubProcesses/driver_mintMC.f
patching file madgraph/core/helas_objects.py
patching file MadSpin/interface_madspin.py
patching file Template/LO/Source/PDF/PhotonFlux.f
patching file madgraph/interface/madevent_interface.py
patching file madgraph/interface/madgraph_interface.py
patching file Template/LO/bin/internal/restore_data
patching file madgraph/interface/madevent_interface.py
patching file madgraph/interface/madevent_interface.py
patching file Template/loop_material/StandAlone/SubProcesses/MadLoopCommons.inc
patching file MadSpin/interface_madspin.py
patching file madgraph/interface/common_run_interface.py
patching file MadSpin/interface_madspin.py
patching file madgraph/interface/amcatnlo_run_interface.py
Hunk #5 succeeded at 4324 (offset 1 line).
Hunk #6 succeeded at 5105 (offset 1 line).
Hunk #7 succeeded at 5440 (offset 1 line).
patching file madgraph/various/cluster.py
patching file madgraph/interface/reweight_interface.py
Hunk #1 succeeded at 751 with fuzz 1 (offset 1 line).
patching file madgraph/interface/madgraph_interface.py
ls: cannot access /afs/cern.ch/work/d/dvalsecc/private/test_EFT_gridpack/genproductions/bin/MadGraph5_aMCatNLO//cards/production/13TeV/ttbb-SMEFTsim-topU3l/ttbb-SMEFTsim-topU3l*.patch: No such file or directory
************************************************************
*                                                          *
*                     W E L C O M E to                     *
*              M A D G R A P H 5 _ a M C @ N L O           *
*                                                          *
*                                                          *
*                 *                       *                *
*                   *        * *        *                  *
*                     * * * * 5 * * * *                    *
*                   *        * *        *                  *
*                 *                       *                *
*                                                          *
*         VERSION 2.6.5                 2018-02-03         *
*                                                          *
*    The MadGraph5_aMC@NLO Development Team - Find us at   *
*    https://server06.fynu.ucl.ac.be/projects/madgraph     *
*                            and                           *
*            http://amcatnlo.web.cern.ch/amcatnlo/         *
*                                                          *
*               Type 'help' for in-line help.              *
*           Type 'tutorial' to learn how MG5 works         *
*    Type 'tutorial aMCatNLO' to learn how aMC@NLO works   *
*    Type 'tutorial MadLoop' to learn how MadLoop works    *
*                                                          *
************************************************************
load MG5 configuration from input/mg5_configuration.txt 
fastjet-config does not seem to correspond to a valid fastjet-config executable (v3+). We will use fjcore instead.
 Please set the 'fastjet'variable to the full (absolute) /PATH/TO/fastjet-config (including fastjet-config).
 MG5_aMC> set fastjet /PATH/TO/fastjet-config

set lhapdf to lhapdf-config
No valid eps viewer found. Please set in ./input/mg5_configuration.txt
No valid web browser found. Please set in ./input/mg5_configuration.txt
import /afs/cern.ch/work/d/dvalsecc/private/test_EFT_gridpack/genproductions/bin/MadGraph5_aMCatNLO/cards/production/13TeV/ttbb-SMEFTsim-topU3l/ttbb-SMEFTsim-topU3l/cards/production/13TeV/ttbb-SMEFTsim-topU3l/ttbb-SMEFTsim-topU3l_gridpack/work/MG5_aMC_v2_6_5/mgconfigscript
The import format was not given, so we guess it as command
set auto_update 0
save options auto_update
save configuration file to /afs/cern.ch/work/d/dvalsecc/private/test_EFT_gridpack/genproductions/bin/MadGraph5_aMCatNLO/cards/production/13TeV/ttbb-SMEFTsim-topU3l/ttbb-SMEFTsim-topU3l/cards/production/13TeV/ttbb-SMEFTsim-topU3l/ttbb-SMEFTsim-topU3l_gridpack/work/MG5_aMC_v2_6_5/input/mg5_configuration.txt
set automatic_html_opening False
This option will be the default in any output that you are going to create in this session.
In order to keep this changes permanent please run 'save options'
set lhapdf /cvmfs/cms.cern.ch/slc7_amd64_gcc700/external/lhapdf/6.2.1-pafccj3/share/LHAPDF/../../bin/lhapdf-config
set lhapdf to /cvmfs/cms.cern.ch/slc7_amd64_gcc700/external/lhapdf/6.2.1-pafccj3/share/LHAPDF/../../bin/lhapdf-config
save options lhapdf
save configuration file to /afs/cern.ch/work/d/dvalsecc/private/test_EFT_gridpack/genproductions/bin/MadGraph5_aMCatNLO/cards/production/13TeV/ttbb-SMEFTsim-topU3l/ttbb-SMEFTsim-topU3l/cards/production/13TeV/ttbb-SMEFTsim-topU3l/ttbb-SMEFTsim-topU3l_gridpack/work/MG5_aMC_v2_6_5/input/mg5_configuration.txt
set run_mode 2
This option will be the default in any output that you are going to create in this session.
In order to keep this changes permanent please run 'save options'
save options
save configuration file to /afs/cern.ch/work/d/dvalsecc/private/test_EFT_gridpack/genproductions/bin/MadGraph5_aMCatNLO/cards/production/13TeV/ttbb-SMEFTsim-topU3l/ttbb-SMEFTsim-topU3l/cards/production/13TeV/ttbb-SMEFTsim-topU3l/ttbb-SMEFTsim-topU3l_gridpack/work/MG5_aMC_v2_6_5/input/mg5_configuration.txt
quit
/afs/cern.ch/work/d/dvalsecc/private/test_EFT_gridpack/genproductions/bin/MadGraph5_aMCatNLO/cards/production/13TeV/ttbb-SMEFTsim-topU3l/ttbb-SMEFTsim-topU3l/cards/production/13TeV/ttbb-SMEFTsim-topU3l/ttbb-SMEFTsim-topU3l_gridpack/work
cp: cannot create regular file 'cards/production/13TeV/ttbb-SMEFTsim-topU3l/ttbb-SMEFTsim-topU3l_proc_card.dat': No such file or directory
sed: can't read cards/production/13TeV/ttbb-SMEFTsim-topU3l/ttbb-SMEFTsim-topU3l_proc_card.dat: No such file or directory
************************************************************
*                                                          *
*                     W E L C O M E to                     *
*              M A D G R A P H 5 _ a M C @ N L O           *
*                                                          *
*                                                          *
*                 *                       *                *
*                   *        * *        *                  *
*                     * * * * 5 * * * *                    *
*                   *        * *        *                  *
*                 *                       *                *
*                                                          *
*         VERSION 2.6.5                 2018-02-03         *
*                                                          *
*    The MadGraph5_aMC@NLO Development Team - Find us at   *
*    https://server06.fynu.ucl.ac.be/projects/madgraph     *
*                            and                           *
*            http://amcatnlo.web.cern.ch/amcatnlo/         *
*                                                          *
*               Type 'help' for in-line help.              *
*           Type 'tutorial' to learn how MG5 works         *
*    Type 'tutorial aMCatNLO' to learn how aMC@NLO works   *
*    Type 'tutorial MadLoop' to learn how MadLoop works    *
*                                                          *
************************************************************
load MG5 configuration from MG5_aMC_v2_6_5/input/mg5_configuration.txt 
None does not seem to correspond to a valid fastjet-config executable (v3+). We will use fjcore instead.
 Please set the 'fastjet'variable to the full (absolute) /PATH/TO/fastjet-config (including fastjet-config).
 MG5_aMC> set fastjet /PATH/TO/fastjet-config

set lhapdf to /cvmfs/cms.cern.ch/slc7_amd64_gcc700/external/lhapdf/6.2.1-pafccj3/share/LHAPDF/../../bin/lhapdf-config
No valid eps viewer found. Please set in ./input/mg5_configuration.txt
No valid web browser found. Please set in ./input/mg5_configuration.txt
import /afs/cern.ch/work/d/dvalsecc/private/test_EFT_gridpack/genproductions/bin/MadGraph5_aMCatNLO/cards/production/13TeV/ttbb-SMEFTsim-topU3l/ttbb-SMEFTsim-topU3l/cards/production/13TeV/ttbb-SMEFTsim-topU3l/ttbb-SMEFTsim-topU3l_gridpack/work/cards/production/13TeV/ttbb-SMEFTsim-topU3l/ttbb-SMEFTsim-topU3l_proc_card.dat
The import format was not given, so we guess it as proc_v4
[1;31mERROR: I/O error on file /afs/cern.ch/work/d/dvalsecc/private/test_EFT_gridpack/genproductions/bin/MadGraph5_aMCatNLO/cards/production/13TeV/ttbb-SMEFTsim-topU3l/ttbb-SMEFTsim-topU3l/cards/production/13TeV/ttbb-SMEFTsim-topU3l/ttbb-SMEFTsim-topU3l_gridpack/work/cards/production/13TeV/ttbb-SMEFTsim-topU3l/ttbb-SMEFTsim-topU3l_proc_card.dat (2): No such file or directory [0m
[1;31mCommand "import /afs/cern.ch/work/d/dvalsecc/private/test_EFT_gridpack/genproductions/bin/MadGraph5_aMCatNLO/cards/production/13TeV/ttbb-SMEFTsim-topU3l/ttbb-SMEFTsim-topU3l/cards/production/13TeV/ttbb-SMEFTsim-topU3l/ttbb-SMEFTsim-topU3l_gridpack/work/cards/production/13TeV/ttbb-SMEFTsim-topU3l/ttbb-SMEFTsim-topU3l_proc_card.dat" interrupted in sub-command:
"#import proc_v4 /afs/cern.ch/work/d/dvalsecc/private/test_EFT_gridpack/genproductions/bin/MadGraph5_aMCatNLO/cards/production/13TeV/ttbb-SMEFTsim-topU3l/ttbb-SMEFTsim-topU3l/cards/production/13TeV/ttbb-SMEFTsim-topU3l/ttbb-SMEFTsim-topU3l_gridpack/work/cards/production/13TeV/ttbb-SMEFTsim-topU3l/ttbb-SMEFTsim-topU3l_proc_card.dat" with error:
InvalidCmd : "/afs/cern.ch/work/d/dvalsecc/private/test_EFT_gridpack/genproductions/bin/MadGraph5_aMCatNLO/cards/production/13TeV/ttbb-SMEFTsim-topU3l/ttbb-SMEFTsim-topU3l/cards/production/13TeV/ttbb-SMEFTsim-topU3l/ttbb-SMEFTsim-topU3l_gridpack/work/cards/production/13TeV/ttbb-SMEFTsim-topU3l/ttbb-SMEFTsim-topU3l_proc_card.dat" is not a valid path[0m
quit
Process output directory cards/production/13TeV/ttbb-SMEFTsim-topU3l/ttbb-SMEFTsim-topU3l not found.  Either process generation failed, or the name of the output did not match the process name cards/production/13TeV/ttbb-SMEFTsim-topU3l/ttbb-SMEFTsim-topU3l provided to the script.
